// Vitest Snapshot v1, https://vitest.dev/guide/snapshot.html

exports[`social provider registry > maps every identifier to a stable temporal task queue 1`] = `
{
  "bluesky": "bluesky",
  "devto": "devto",
  "discord": "discord",
  "dribbble": "dribbble",
  "facebook": "facebook",
  "gmb": "gmb",
  "hashnode": "hashnode",
  "instagram": "instagram",
  "instagram-standalone": "instagram",
  "kick": "kick",
  "lemmy": "lemmy",
  "linkedin": "linkedin",
  "linkedin-page": "linkedin",
  "listmonk": "listmonk",
  "mastodon": "mastodon",
  "medium": "medium",
  "mewe": "mewe",
  "moltbook": "moltbook",
  "nostr": "nostr",
  "pinterest": "pinterest",
  "reddit": "reddit",
  "skool": "skool",
  "slack": "slack",
  "telegram": "telegram",
  "threads": "threads",
  "tiktok": "tiktok",
  "tiktok-business": "tiktok",
  "tumblr": "tumblr",
  "twitch": "twitch",
  "vk": "vk",
  "whop": "whop",
  "wordpress": "wordpress",
  "wrapcast": "wrapcast",
  "x": "x",
  "youtube": "youtube",
}
`;
